I'm sorry, but errors were detected in your script. Please correct the
errors listed below, and try again.


File "game/script.rpy", line 153: expected statement.
    numero = 2;
           ^

File "game/script.rpy", line 222: expected statement.
    numero = 1
           ^

Ren'Py Version: Ren'Py 7.2.2.491
Tue Apr 30 18:57:44 2019
